objc[57445]: Class AVFFrameReceiver is implemented in both /Users/galante/.miniconda3/envs/videoseal/lib/python3.11/site-packages/av/.dylibs/libavdevice.62.3.102.dylib (0x10e6943a8) and /Users/galante/.miniconda3/envs/videoseal/lib/python3.11/site-packages/cv2/.dylibs/libavdevice.61.3.100.dylib (0x11cbb83a8). This may cause spurious casting failures and mysterious crashes. One of the duplicates must be removed or renamed.
objc[57445]: Class AVFAudioReceiver is implemented in both /Users/galante/.miniconda3/envs/videoseal/lib/python3.11/site-packages/av/.dylibs/libavdevice.62.3.102.dylib (0x10e6943f8) and /Users/galante/.miniconda3/envs/videoseal/lib/python3.11/site-packages/cv2/.dylibs/libavdevice.61.3.100.dylib (0x11cbb83f8). This may cause spurious casting failures and mysterious crashes. One of the duplicates must be removed or renamed.
/Users/galante/Desktop/videoseal-spike/videoseal/../spike_export.py:65: DeprecationWarning: You are using the legacy TorchScript-based ONNX export. Starting in PyTorch 2.9, the new torch.export-based ONNX exporter has become the default. Learn more about the new export logic: https://docs.pytorch.org/docs/stable/onnx_export.html. For exporting control flow: https://pytorch.org/tutorials/beginner/onnx/export_control_flow_model_to_onnx_tutorial.html
  torch.onnx.export(
/Users/galante/Desktop/videoseal-spike/videoseal/../videoseal/videoseal/modules/unet.py:191: TracerWarning: Using len to get tensor shape might cause the trace to be incorrect. Recommended usage would be tensor.shape[0]. Passing a tensor of different shape might lead to errors or silently give incorrect results.
  nb_imgs: int = len(imgs)
/Users/galante/.miniconda3/envs/videoseal/lib/python3.11/site-packages/torch/onnx/_internal/torchscript_exporter/jit_utils.py:308: UserWarning: Constant folding - Only steps=1 can be constant folded for opset >= 10 onnx::Slice op. Constant folding not applied. (Triggered internally at /Users/runner/work/pytorch/pytorch/torch/csrc/jit/passes/onnx/constant_fold.cpp:180.)
  _C._jit_pass_onnx_node_shape_type_inference(node, params_dict, opset_version)
/Users/galante/.miniconda3/envs/videoseal/lib/python3.11/site-packages/torch/onnx/_internal/torchscript_exporter/utils.py:709: UserWarning: Constant folding - Only steps=1 can be constant folded for opset >= 10 onnx::Slice op. Constant folding not applied. (Triggered internally at /Users/runner/work/pytorch/pytorch/torch/csrc/jit/passes/onnx/constant_fold.cpp:180.)
  _C._jit_pass_onnx_graph_shape_type_inference(
/Users/galante/.miniconda3/envs/videoseal/lib/python3.11/site-packages/torch/onnx/_internal/torchscript_exporter/utils.py:1182: UserWarning: Constant folding - Only steps=1 can be constant folded for opset >= 10 onnx::Slice op. Constant folding not applied. (Triggered internally at /Users/runner/work/pytorch/pytorch/torch/csrc/jit/passes/onnx/constant_fold.cpp:180.)
  _C._jit_pass_onnx_graph_shape_type_inference(
File /Users/galante/Desktop/videoseal-spike/videoseal/ckpts/videoseal_y_256b_img.pth exists, skipping download
Model loaded successfully from /Users/galante/Desktop/videoseal-spike/videoseal/ckpts/videoseal_y_256b_img.pth with message: <All keys matched successfully>
embedder: UnetEmbedder, 23.7M params, processing size 256
cpu: 133.7 ms/frame
File /Users/galante/Desktop/videoseal-spike/videoseal/ckpts/videoseal_y_256b_img.pth exists, skipping download
Model loaded successfully from /Users/galante/Desktop/videoseal-spike/videoseal/ckpts/videoseal_y_256b_img.pth with message: <All keys matched successfully>
mps: 23.6 ms/frame
onnx export ok: 94.7MB
onnxruntime cpu: 59.9 ms/frame
saved results/export.json
